{
  "proof_id": "d19-arithmetic-v1",
  "number_theory": {
    "discriminants": {
      "A2": 5776,
      "A3": 3249
    },
    "maximal_class_numbers": {
      "A2": 1,
      "A3": 1
    },
    "GL_lattice_types": {
      "trace_zero": [
        "A2"
      ],
      "trace_one": [
        "A3"
      ]
    },
    "minkowski_cutoffs": {
      "A2": 11,
      "A3": 8
    },
    "principal_prime_norms": {
      "A2": [
        4,
        5,
        5,
        5,
        5,
        9,
        9
      ],
      "A3": [
        4,
        4,
        7,
        7,
        7,
        7
      ]
    },
    "A2_norm_five_generators": [
      [
        2,
        0,
        0,
        1
      ],
      [
        2,
        0,
        0,
        -1
      ],
      [
        2,
        0,
        1,
        -1
      ],
      [
        2,
        0,
        -1,
        1
      ]
    ],
    "A2_norm_five_residues": [
      [
        1,
        3
      ],
      [
        1,
        2
      ],
      [
        0,
        3
      ],
      [
        0,
        2
      ]
    ],
    "A2_norm_nine_generators": [
      [
        2,
        1,
        3,
        -1
      ],
      [
        2,
        1,
        -3,
        1
      ]
    ],
    "A3_norm_four_generators": [
      [
        1,
        1,
        2,
        -1
      ],
      [
        3,
        0,
        -2,
        1
      ]
    ],
    "A3_norm_seven_generators": [
      [
        2,
        0,
        0,
        -1
      ],
      [
        2,
        -1,
        0,
        1
      ],
      [
        2,
        0,
        -1,
        1
      ],
      [
        1,
        1,
        1,
        -1
      ]
    ],
    "A3_norm_seven_residues": [
      [
        6,
        5
      ],
      [
        6,
        3
      ],
      [
        2,
        5
      ],
      [
        2,
        3
      ]
    ]
  },
  "units": [
    {
      "order": "A2",
      "coefficient_norm_bound": [
        171,
        2
      ],
      "coordinate_bounds": {
        "a": 11,
        "b": 4
      },
      "generator": [
        5,
        3,
        8,
        -3
      ],
      "generator_relative_norm": [
        -1,
        0
      ],
      "generator_abs_square": [
        170,
        39,
        19,
        1
      ],
      "norm_equation_candidates": 12,
      "reduced_unit_count": 4,
      "torsion_order": 4,
      "determinant_image": [
        -1,
        1
      ]
    },
    {
      "order": "A3",
      "coefficient_norm_bound": [
        304,
        3
      ],
      "coordinate_bounds": {
        "a": 12,
        "b": 4
      },
      "generator": [
        10,
        0,
        -3,
        -4
      ],
      "generator_relative_norm": [
        -1,
        0
      ],
      "generator_abs_square": [
        302,
        40,
        57,
        2
      ],
      "norm_equation_candidates": 18,
      "reduced_unit_count": 6,
      "torsion_order": 6,
      "determinant_image": [
        -1,
        1
      ]
    }
  ],
  "class_count": 2,
  "classes": [
    {
      "label": "d19 order 2: A2 with endpoint flip",
      "m": 2,
      "finite_centralizer_order": 4,
      "norm": [
        57799,
        13260,
        19
      ],
      "norm_denominator": 1,
      "representative": [
        [
          0,
          0
        ],
        [
          -1,
          0
        ],
        [
          1,
          0
        ],
        [
          0,
          0
        ]
      ],
      "primitive_translation": [
        [
          -39,
          78
        ],
        [
          -170,
          0
        ],
        [
          170,
          0
        ],
        [
          -39,
          78
        ]
      ],
      "flip": [
        [
          5,
          3
        ],
        [
          -8,
          3
        ],
        [
          -8,
          3
        ],
        [
          -5,
          -3
        ]
      ]
    },
    {
      "label": "d19 order 3: inverse classes merged",
      "m": 3,
      "finite_centralizer_order": 3,
      "norm": [
        45601,
        6040,
        57
      ],
      "norm_denominator": 1,
      "representative": [
        [
          0,
          0
        ],
        [
          -1,
          0
        ],
        [
          1,
          0
        ],
        [
          1,
          0
        ]
      ],
      "primitive_translation": [
        [
          171,
          -40
        ],
        [
          131,
          40
        ],
        [
          -131,
          -40
        ],
        [
          40,
          -80
        ]
      ],
      "flip": null
    }
  ],
  "splitting": {
    "trace_zero_GL_to_SL": 1,
    "trace_zero_PSL_classes": 1,
    "trace_one_GL_to_SL": 1,
    "trace_one_PSL_classes": 1,
    "inverse_conjugator": [
      [
        7,
        -4
      ],
      [
        10,
        0
      ],
      [
        3,
        4
      ],
      [
        -7,
        4
      ]
    ],
    "inverse_conjugator_determinant": 1,
    "order_three_inverse_classes_merge": true
  },
  "orbital_normalization": "full-PSL-centralizer; involution endpoint flip included"
}
